
up to date, audited 87 packages in 931ms

13 packages are looking for funding
  run `npm fund` for details

5 vulnerabilities (4 moderate, 1 high)

To address issues that do not require attention, run:
  npm audit fix

To address all issues (including breaking changes), run:
  npm audit fix --force

Run `npm audit` for details.

> rsvp-reader-frontend@1.0.0 build
> vite build

[36mvite v5.4.21 [32mbuilding for production...[36m[39m
transforming...
[32mΓ£ô[39m 94 modules transformed.
rendering chunks...
computing gzip size...
[2mdist/[22m[32mindex.html                 [39m[1m[2m  0.41 kB[22m[1m[22m[2m Γöé gzip:  0.27 kB[22m
[2mdist/[22m[35massets/index-DvPu3vdM.css  [39m[1m[2m  6.28 kB[22m[1m[22m[2m Γöé gzip:  2.02 kB[22m
[2mdist/[22m[36massets/index-CboPabgq.js   [39m[1m[2m223.71 kB[22m[1m[22m[2m Γöé gzip: 73.25 kB[22m
[32mΓ£ô built in 660ms[39m
Requirement already satisfied: pip in .\.venv-build\Lib\site-packages (26.1.1)
Requirement already satisfied: fastapi==0.111.0 in .\.venv-build\Lib\site-packages (from -r backend/requirements.txt (line 1)) (0.111.0)
Requirement already satisfied: uvicorn==0.29.0 in .\.venv-build\Lib\site-packages (from uvicorn[standard]==0.29.0->-r backend/requirements.txt (line 2)) (0.29.0)
Requirement already satisfied: python-multipart==0.0.9 in .\.venv-build\Lib\site-packages (from -r backend/requirements.txt (line 3)) (0.0.9)
Requirement already satisfied: PyMuPDF==1.24.3 in .\.venv-build\Lib\site-packages (from -r backend/requirements.txt (line 4)) (1.24.3)
Requirement already satisfied: pydantic==2.7.0 in .\.venv-build\Lib\site-packages (from -r backend/requirements.txt (line 5)) (2.7.0)
Requirement already satisfied: python-dotenv==1.0.1 in .\.venv-build\Lib\site-packages (from -r backend/requirements.txt (line 6)) (1.0.1)
Requirement already satisfied: llama-cpp-python>=0.3.4 in .\.venv-build\Lib\site-packages (from -r backend/requirements.txt (line 7)) (0.3.23)
Requirement already satisfied: pystray>=0.19.5 in .\.venv-build\Lib\site-packages (from -r backend/requirements.txt (line 8)) (0.19.5)
Requirement already satisfied: Pillow>=10.0.0 in .\.venv-build\Lib\site-packages (from -r backend/requirements.txt (line 9)) (12.2.0)
Requirement already satisfied: starlette<0.38.0,>=0.37.2 in .\.venv-build\Lib\site-packages (from fastapi==0.111.0->-r backend/requirements.txt (line 1)) (0.37.2)
Requirement already satisfied: typing-extensions>=4.8.0 in .\.venv-build\Lib\site-packages (from fastapi==0.111.0->-r backend/requirements.txt (line 1)) (4.15.0)
Requirement already satisfied: fastapi-cli>=0.0.2 in .\.venv-build\Lib\site-packages (from fastapi==0.111.0->-r backend/requirements.txt (line 1)) (0.0.24)
Requirement already satisfied: httpx>=0.23.0 in .\.venv-build\Lib\site-packages (from fastapi==0.111.0->-r backend/requirements.txt (line 1)) (0.28.1)
Requirement already satisfied: jinja2>=2.11.2 in .\.venv-build\Lib\site-packages (from fastapi==0.111.0->-r backend/requirements.txt (line 1)) (3.1.6)
Requirement already satisfied: ujson!=4.0.2,!=4.1.0,!=4.2.0,!=4.3.0,!=5.0.0,!=5.1.0,>=4.0.1 in .\.venv-build\Lib\site-packages (from fastapi==0.111.0->-r backend/requirements.txt (line 1)) (5.12.0)
Requirement already satisfied: orjson>=3.2.1 in .\.venv-build\Lib\site-packages (from fastapi==0.111.0->-r backend/requirements.txt (line 1)) (3.11.8)
Requirement already satisfied: email_validator>=2.0.0 in .\.venv-build\Lib\site-packages (from fastapi==0.111.0->-r backend/requirements.txt (line 1)) (2.3.0)
Requirement already satisfied: annotated-types>=0.4.0 in .\.venv-build\Lib\site-packages (from pydantic==2.7.0->-r backend/requirements.txt (line 5)) (0.7.0)
Requirement already satisfied: pydantic-core==2.18.1 in .\.venv-build\Lib\site-packages (from pydantic==2.7.0->-r backend/requirements.txt (line 5)) (2.18.1)
Requirement already satisfied: click>=7.0 in .\.venv-build\Lib\site-packages (from uvicorn==0.29.0->uvicorn[standard]==0.29.0->-r backend/requirements.txt (line 2)) (8.3.2)
Requirement already satisfied: h11>=0.8 in .\.venv-build\Lib\site-packages (from uvicorn==0.29.0->uvicorn[standard]==0.29.0->-r backend/requirements.txt (line 2)) (0.16.0)
Requirement already satisfied: PyMuPDFb==1.24.3 in .\.venv-build\Lib\site-packages (from PyMuPDF==1.24.3->-r backend/requirements.txt (line 4)) (1.24.3)
Requirement already satisfied: colorama>=0.4 in .\.venv-build\Lib\site-packages (from uvicorn[standard]==0.29.0->-r backend/requirements.txt (line 2)) (0.4.6)
Requirement already satisfied: httptools>=0.5.0 in .\.venv-build\Lib\site-packages (from uvicorn[standard]==0.29.0->-r backend/requirements.txt (line 2)) (0.7.1)
Requirement already satisfied: pyyaml>=5.1 in .\.venv-build\Lib\site-packages (from uvicorn[standard]==0.29.0->-r backend/requirements.txt (line 2)) (6.0.3)
Requirement already satisfied: watchfiles>=0.13 in .\.venv-build\Lib\site-packages (from uvicorn[standard]==0.29.0->-r backend/requirements.txt (line 2)) (1.1.1)
Requirement already satisfied: websockets>=10.4 in .\.venv-build\Lib\site-packages (from uvicorn[standard]==0.29.0->-r backend/requirements.txt (line 2)) (16.0)
Requirement already satisfied: anyio<5,>=3.4.0 in .\.venv-build\Lib\site-packages (from starlette<0.38.0,>=0.37.2->fastapi==0.111.0->-r backend/requirements.txt (line 1)) (4.13.0)
Requirement already satisfied: idna>=2.8 in .\.venv-build\Lib\site-packages (from anyio<5,>=3.4.0->starlette<0.38.0,>=0.37.2->fastapi==0.111.0->-r backend/requirements.txt (line 1)) (3.11)
Requirement already satisfied: numpy>=1.20.0 in .\.venv-build\Lib\site-packages (from llama-cpp-python>=0.3.4->-r backend/requirements.txt (line 7)) (2.4.4)
Requirement already satisfied: diskcache>=5.6.1 in .\.venv-build\Lib\site-packages (from llama-cpp-python>=0.3.4->-r backend/requirements.txt (line 7)) (5.6.3)
Requirement already satisfied: six in .\.venv-build\Lib\site-packages (from pystray>=0.19.5->-r backend/requirements.txt (line 8)) (1.17.0)
Requirement already satisfied: dnspython>=2.0.0 in .\.venv-build\Lib\site-packages (from email_validator>=2.0.0->fastapi==0.111.0->-r backend/requirements.txt (line 1)) (2.8.0)
Requirement already satisfied: typer>=0.16.0 in .\.venv-build\Lib\site-packages (from fastapi-cli>=0.0.2->fastapi==0.111.0->-r backend/requirements.txt (line 1)) (0.24.1)
Requirement already satisfied: rich-toolkit>=0.14.8 in .\.venv-build\Lib\site-packages (from fastapi-cli>=0.0.2->fastapi==0.111.0->-r backend/requirements.txt (line 1)) (0.19.7)
Requirement already satisfied: certifi in .\.venv-build\Lib\site-packages (from httpx>=0.23.0->fastapi==0.111.0->-r backend/requirements.txt (line 1)) (2026.2.25)
Requirement already satisfied: httpcore==1.* in .\.venv-build\Lib\site-packages (from httpx>=0.23.0->fastapi==0.111.0->-r backend/requirements.txt (line 1)) (1.0.9)
Requirement already satisfied: MarkupSafe>=2.0 in .\.venv-build\Lib\site-packages (from jinja2>=2.11.2->fastapi==0.111.0->-r backend/requirements.txt (line 1)) (3.0.3)
Requirement already satisfied: rich>=13.7.1 in .\.venv-build\Lib\site-packages (from rich-toolkit>=0.14.8->fastapi-cli>=0.0.2->fastapi==0.111.0->-r backend/requirements.txt (line 1)) (14.3.3)
Requirement already satisfied: markdown-it-py>=2.2.0 in .\.venv-build\Lib\site-packages (from rich>=13.7.1->rich-toolkit>=0.14.8->fastapi-cli>=0.0.2->fastapi==0.111.0->-r backend/requirements.txt (line 1)) (4.0.0)
Requirement already satisfied: pygments<3.0.0,>=2.13.0 in .\.venv-build\Lib\site-packages (from rich>=13.7.1->rich-toolkit>=0.14.8->fastapi-cli>=0.0.2->fastapi==0.111.0->-r backend/requirements.txt (line 1)) (2.20.0)
Requirement already satisfied: mdurl~=0.1 in .\.venv-build\Lib\site-packages (from markdown-it-py>=2.2.0->rich>=13.7.1->rich-toolkit>=0.14.8->fastapi-cli>=0.0.2->fastapi==0.111.0->-r backend/requirements.txt (line 1)) (0.1.2)
Requirement already satisfied: shellingham>=1.3.0 in .\.venv-build\Lib\site-packages (from typer>=0.16.0->fastapi-cli>=0.0.2->fastapi==0.111.0->-r backend/requirements.txt (line 1)) (1.5.4)
Requirement already satisfied: annotated-doc>=0.0.2 in .\.venv-build\Lib\site-packages (from typer>=0.16.0->fastapi-cli>=0.0.2->fastapi==0.111.0->-r backend/requirements.txt (line 1)) (0.0.4)
Requirement already satisfied: pyinstaller in .\.venv-build\Lib\site-packages (6.19.0)
Requirement already satisfied: altgraph in .\.venv-build\Lib\site-packages (from pyinstaller) (0.17.5)
Requirement already satisfied: packaging>=22.0 in .\.venv-build\Lib\site-packages (from pyinstaller) (26.0)
Requirement already satisfied: pefile>=2022.5.30 in .\.venv-build\Lib\site-packages (from pyinstaller) (2024.8.26)
Requirement already satisfied: pyinstaller-hooks-contrib>=2026.0 in .\.venv-build\Lib\site-packages (from pyinstaller) (2026.4)
Requirement already satisfied: pywin32-ctypes>=0.2.1 in .\.venv-build\Lib\site-packages (from pyinstaller) (0.2.3)
Requirement already satisfied: setuptools>=42.0.0 in .\.venv-build\Lib\site-packages (from pyinstaller) (82.0.1)
