.\.venv-build\Scripts\python.exe : 107 INFO: PyInstaller: 6.19.0, contrib 
hooks: 2026.4
At line:1 char:1
+ .\.venv-build\Scripts\python.exe -m PyInstaller RSVPReader.spec --noc ...
+ ~~~~~~~~~~~~~~~~~~~~~~~~~~~~~~~~~~~~~~~~~~~~~~~~~~~~~~~~~~~~~~~~~~~~~
    + CategoryInfo          : NotSpecified: (107 INFO: PyIns...b hooks: 2026.4 
   :String) [], RemoteException
    + FullyQualifiedErrorId : NativeCommandError
 
108 INFO: Python: 3.12.10
137 INFO: Platform: Windows-11-10.0.26200-SP0
137 INFO: Python environment: C:\Work\rsvp-reader\.venv-build
140 INFO: Removing temporary files and cleaning cache in 
C:\Users\nindr\AppData\Local\pyinstaller
151 INFO: Module search paths (PYTHONPATH):
['C:\\Work\\rsvp-reader',
 'C:\\Program '
 'Files\\WindowsApps\\PythonSoftwareFoundation.Python.3.12_3.12.2800.0_x64__qbz
5n2kfra8p0\\python312.zip',
 'C:\\Program '
 'Files\\WindowsApps\\PythonSoftwareFoundation.Python.3.12_3.12.2800.0_x64__qbz
5n2kfra8p0\\DLLs',
 'C:\\Program '
 'Files\\WindowsApps\\PythonSoftwareFoundation.Python.3.12_3.12.2800.0_x64__qbz
5n2kfra8p0\\Lib',
 'C:\\Program '
 'Files\\WindowsApps\\PythonSoftwareFoundation.Python.3.12_3.12.2800.0_x64__qbz
5n2kfra8p0',
 'C:\\Work\\rsvp-reader\\.venv-build',
 'C:\\Work\\rsvp-reader\\.venv-build\\Lib\\site-packages',
 'C:\\Work\\rsvp-reader\\backend']
576 INFO: Appending 'binaries' from .spec
577 INFO: Appending 'datas' from .spec
577 INFO: checking Analysis
577 INFO: Building Analysis because Analysis-00.toc is non existent
577 INFO: Looking for Python shared library...
577 INFO: Using Python shared library: C:\Program Files\WindowsApps\PythonSoftw
areFoundation.Python.3.12_3.12.2800.0_x64__qbz5n2kfra8p0\python312.dll
577 INFO: Running Analysis Analysis-00.toc
577 INFO: Target bytecode optimization level: 0
577 INFO: Initializing module dependency graph...
578 INFO: Initializing module graph hook caches...
592 INFO: Analyzing modules for base_library.zip ...
1847 INFO: Processing standard module hook 'hook-encodings.py' from 
'C:\\Work\\rsvp-reader\\.venv-build\\Lib\\site-packages\\PyInstaller\\hooks'
3025 INFO: Processing standard module hook 'hook-pickle.py' from 
'C:\\Work\\rsvp-reader\\.venv-build\\Lib\\site-packages\\PyInstaller\\hooks'
4038 INFO: Processing standard module hook 'hook-heapq.py' from 
'C:\\Work\\rsvp-reader\\.venv-build\\Lib\\site-packages\\PyInstaller\\hooks'
4298 INFO: Caching module dependency graph...
4334 INFO: Analyzing C:\Work\rsvp-reader\backend\desktop_main.py
4372 INFO: Processing standard module hook 'hook-_ctypes.py' from 
'C:\\Work\\rsvp-reader\\.venv-build\\Lib\\site-packages\\PyInstaller\\hooks'
4376 INFO: Processing standard module hook 'hook-uvicorn.py' from 'C:\\Work\\rs
vp-reader\\.venv-build\\Lib\\site-packages\\_pyinstaller_hooks_contrib\\stdhook
s'
4909 INFO: Processing standard module hook 'hook-multiprocessing.util.py' from 
'C:\\Work\\rsvp-reader\\.venv-build\\Lib\\site-packages\\PyInstaller\\hooks'
5027 INFO: Processing standard module hook 'hook-xml.py' from 
'C:\\Work\\rsvp-reader\\.venv-build\\Lib\\site-packages\\PyInstaller\\hooks'
5645 INFO: Processing pre-safe-import-module hook 'hook-typing_extensions.py' 
from 'C:\\Work\\rsvp-reader\\.venv-build\\Lib\\site-packages\\PyInstaller\\hook
s\\pre_safe_import_module'
5646 INFO: SetuptoolsInfo: initializing cached setuptools info...
6306 INFO: Processing standard module hook 'hook-platform.py' from 
'C:\\Work\\rsvp-reader\\.venv-build\\Lib\\site-packages\\PyInstaller\\hooks'
6358 INFO: Processing standard module hook 'hook-difflib.py' from 
'C:\\Work\\rsvp-reader\\.venv-build\\Lib\\site-packages\\PyInstaller\\hooks'
6643 INFO: Processing standard module hook 'hook-websockets.py' from 'C:\\Work\
\rsvp-reader\\.venv-build\\Lib\\site-packages\\_pyinstaller_hooks_contrib\\stdh
ooks'
7321 INFO: Processing standard module hook 'hook-anyio.py' from 'C:\\Work\\rsvp
-reader\\.venv-build\\Lib\\site-packages\\_pyinstaller_hooks_contrib\\stdhooks'
8313 INFO: Processing standard module hook 'hook-pydantic.py' from 'C:\\Work\\r
svp-reader\\.venv-build\\Lib\\site-packages\\_pyinstaller_hooks_contrib\\stdhoo
ks'
9179 INFO: Processing standard module hook 'hook-certifi.py' from 'C:\\Work\\rs
vp-reader\\.venv-build\\Lib\\site-packages\\_pyinstaller_hooks_contrib\\stdhook
s'
9456 INFO: Processing standard module hook 'hook-pygments.py' from 
'C:\\Work\\rsvp-reader\\.venv-build\\Lib\\site-packages\\PyInstaller\\hooks'
10775 INFO: Processing standard module hook 'hook-rich.py' from 'C:\\Work\\rsvp
-reader\\.venv-build\\Lib\\site-packages\\_pyinstaller_hooks_contrib\\stdhooks'
11859 INFO: Processing standard module hook 'hook-sysconfig.py' from 
'C:\\Work\\rsvp-reader\\.venv-build\\Lib\\site-packages\\PyInstaller\\hooks'
12096 INFO: Processing standard module hook 'hook-dns.rdata.py' from 'C:\\Work\
\rsvp-reader\\.venv-build\\Lib\\site-packages\\_pyinstaller_hooks_contrib\\stdh
ooks'
13056 INFO: Processing standard module hook 'hook-orjson.py' from 'C:\\Work\\rs
vp-reader\\.venv-build\\Lib\\site-packages\\_pyinstaller_hooks_contrib\\stdhook
s'
15188 INFO: Processing standard module hook 'hook-sqlite3.py' from 
'C:\\Work\\rsvp-reader\\.venv-build\\Lib\\site-packages\\PyInstaller\\hooks'
15663 INFO: Processing standard module hook 'hook-jinja2.py' from 'C:\\Work\\rs
vp-reader\\.venv-build\\Lib\\site-packages\\_pyinstaller_hooks_contrib\\stdhook
s'
15984 INFO: Processing standard module hook 'hook-numpy.py' from 
'C:\\Work\\rsvp-reader\\.venv-build\\Lib\\site-packages\\PyInstaller\\hooks'
17371 INFO: Processing module hooks (post-graph stage)...
17584 INFO: Processing standard module hook 'hook-zoneinfo.py' from 'C:\\Work\\
rsvp-reader\\.venv-build\\Lib\\site-packages\\_pyinstaller_hooks_contrib\\stdho
oks'
17654 INFO: Processing pre-safe-import-module hook 'hook-tomli.py' from 'C:\\Wo
rk\\rsvp-reader\\.venv-build\\Lib\\site-packages\\PyInstaller\\hooks\\pre_safe_
import_module'
17654 INFO: Setuptools: 'tomli' appears to be a setuptools-vendored copy - 
creating alias to 'setuptools._vendor.tomli'!
17658 INFO: Processing standard module hook 'hook-setuptools.py' from 
'C:\\Work\\rsvp-reader\\.venv-build\\Lib\\site-packages\\PyInstaller\\hooks'
17666 INFO: Processing pre-safe-import-module hook 'hook-distutils.py' from 'C:
\\Work\\rsvp-reader\\.venv-build\\Lib\\site-packages\\PyInstaller\\hooks\\pre_s
afe_import_module'
17683 INFO: Processing pre-safe-import-module hook 'hook-jaraco.py' from 'C:\\W
ork\\rsvp-reader\\.venv-build\\Lib\\site-packages\\PyInstaller\\hooks\\pre_safe
_import_module'
17683 INFO: Setuptools: 'jaraco' appears to be a full setuptools-vendored copy 
- creating alias to 'setuptools._vendor.jaraco'!
17690 INFO: Processing pre-safe-import-module hook 'hook-more_itertools.py' 
from 'C:\\Work\\rsvp-reader\\.venv-build\\Lib\\site-packages\\PyInstaller\\hook
s\\pre_safe_import_module'
17690 INFO: Setuptools: 'more_itertools' appears to be a setuptools-vendored 
copy - creating alias to 'setuptools._vendor.more_itertools'!
17830 INFO: Processing pre-safe-import-module hook 'hook-packaging.py' from 'C:
\\Work\\rsvp-reader\\.venv-build\\Lib\\site-packages\\PyInstaller\\hooks\\pre_s
afe_import_module'
17932 INFO: Processing standard module hook 
'hook-setuptools._vendor.jaraco.text.py' from 
'C:\\Work\\rsvp-reader\\.venv-build\\Lib\\site-packages\\PyInstaller\\hooks'
17933 INFO: Processing pre-safe-import-module hook 
'hook-importlib_resources.py' from 'C:\\Work\\rsvp-reader\\.venv-build\\Lib\\si
te-packages\\PyInstaller\\hooks\\pre_safe_import_module'
17952 INFO: Processing pre-safe-import-module hook 'hook-backports.py' from 'C:
\\Work\\rsvp-reader\\.venv-build\\Lib\\site-packages\\PyInstaller\\hooks\\pre_s
afe_import_module'
17952 INFO: Setuptools: 'backports' appears to be a full setuptools-vendored 
copy - creating alias to 'setuptools._vendor.backports'!
18064 INFO: Processing pre-safe-import-module hook 
'hook-importlib_metadata.py' from 'C:\\Work\\rsvp-reader\\.venv-build\\Lib\\sit
e-packages\\PyInstaller\\hooks\\pre_safe_import_module'
18065 INFO: Setuptools: 'importlib_metadata' appears to be a 
setuptools-vendored copy - creating alias to 
'setuptools._vendor.importlib_metadata'!
18081 INFO: Processing standard module hook 
'hook-setuptools._vendor.importlib_metadata.py' from 
'C:\\Work\\rsvp-reader\\.venv-build\\Lib\\site-packages\\PyInstaller\\hooks'
18098 INFO: Processing pre-safe-import-module hook 'hook-zipp.py' from 'C:\\Wor
k\\rsvp-reader\\.venv-build\\Lib\\site-packages\\PyInstaller\\hooks\\pre_safe_i
mport_module'
18098 INFO: Setuptools: 'zipp' appears to be a setuptools-vendored copy - 
creating alias to 'setuptools._vendor.zipp'!
18585 INFO: Processing pre-safe-import-module hook 'hook-wheel.py' from 'C:\\Wo
rk\\rsvp-reader\\.venv-build\\Lib\\site-packages\\PyInstaller\\hooks\\pre_safe_
import_module'
18585 INFO: Setuptools: 'wheel' appears to be a setuptools-vendored copy - 
creating alias to 'setuptools._vendor.wheel'!
19043 WARNING: Hidden import "tzdata" not found!
20613 INFO: Performing binary vs. data reclassification (22 entries)
20619 INFO: Looking for ctypes DLLs
20682 INFO: Analyzing run-time hooks ...
20687 INFO: Including run-time hook 'pyi_rth_inspect.py' from 'C:\\Work\\rsvp-r
eader\\.venv-build\\Lib\\site-packages\\PyInstaller\\hooks\\rthooks'
20689 INFO: Including run-time hook 'pyi_rth_pkgutil.py' from 'C:\\Work\\rsvp-r
eader\\.venv-build\\Lib\\site-packages\\PyInstaller\\hooks\\rthooks'
20691 INFO: Including run-time hook 'pyi_rth_multiprocessing.py' from 'C:\\Work
\\rsvp-reader\\.venv-build\\Lib\\site-packages\\PyInstaller\\hooks\\rthooks'
20692 INFO: Including run-time hook 'pyi_rth_setuptools.py' from 'C:\\Work\\rsv
p-reader\\.venv-build\\Lib\\site-packages\\PyInstaller\\hooks\\rthooks'
20708 INFO: Creating base_library.zip...
20723 INFO: Looking for dynamic libraries
22005 INFO: Extra DLL search directories (AddDllDirectory): 
['C:\\Work\\rsvp-reader\\.venv-build\\Lib\\site-packages\\llama_cpp\\lib', 
'C:\\Work\\rsvp-reader\\.venv-build\\Lib\\site-packages\\llama_cpp\\lib', 
'C:\\Program Files\\AMD\\ROCm\\6.1\\bin', 'C:\\Program 
Files\\AMD\\ROCm\\6.1\\lib', 
'C:\\Work\\rsvp-reader\\.venv-build\\Lib\\site-packages\\numpy.libs']
22005 INFO: Extra DLL search directories (PATH): 
['C:\\Work\\rsvp-reader\\.venv-build\\Lib\\site-packages\\llama_cpp\\lib']
22633 INFO: Warnings written to 
C:\Work\rsvp-reader\build\RSVPReader\warn-RSVPReader.txt
22734 INFO: Graph cross-reference written to 
C:\Work\rsvp-reader\build\RSVPReader\xref-RSVPReader.html
22769 INFO: checking PYZ
22769 INFO: Building PYZ because PYZ-00.toc is non existent
22769 INFO: Building PYZ (ZlibArchive) 
C:\Work\rsvp-reader\build\RSVPReader\PYZ-00.pyz
23785 INFO: Building PYZ (ZlibArchive) 
C:\Work\rsvp-reader\build\RSVPReader\PYZ-00.pyz completed successfully.
23809 INFO: checking PKG
23809 INFO: Building PKG because PKG-00.toc is non existent
23809 INFO: Building PKG (CArchive) RSVPReader.pkg
31964 INFO: Building PKG (CArchive) RSVPReader.pkg completed successfully.
31967 INFO: Bootloader C:\Work\rsvp-reader\.venv-build\Lib\site-packages\PyInst
aller\bootloader\Windows-64bit-intel\runw.exe
31967 INFO: checking EXE
31967 INFO: Building EXE because EXE-00.toc is non existent
31967 INFO: Building EXE from EXE-00.toc
Traceback (most recent call last):
  File "<frozen runpy>", line 198, in _run_module_as_main
  File "<frozen runpy>", line 88, in _run_code
  File 
"C:\Work\rsvp-reader\.venv-build\Lib\site-packages\PyInstaller\__main__.py", 
line 321, in <module>
    run()
  File 
"C:\Work\rsvp-reader\.venv-build\Lib\site-packages\PyInstaller\__main__.py", 
line 215, in run
    run_build(pyi_config, spec_file, **vars(args))
  File 
"C:\Work\rsvp-reader\.venv-build\Lib\site-packages\PyInstaller\__main__.py", 
line 70, in run_build
    PyInstaller.building.build_main.main(pyi_config, spec_file, **kwargs)
  File "C:\Work\rsvp-reader\.venv-build\Lib\site-packages\PyInstaller\building\
build_main.py", line 1275, in main
    build(specfile, distpath, workpath, clean_build)
  File "C:\Work\rsvp-reader\.venv-build\Lib\site-packages\PyInstaller\building\
build_main.py", line 1213, in build
    exec(code, spec_namespace)
  File "RSVPReader.spec", line 34, in <module>
    exe = EXE(
          ^^^^
  File "C:\Work\rsvp-reader\.venv-build\Lib\site-packages\PyInstaller\building\
api.py", line 675, in __init__
    self.__postinit__()
  File "C:\Work\rsvp-reader\.venv-build\Lib\site-packages\PyInstaller\building\
datastruct.py", line 184, in __postinit__
    self.assemble()
  File "C:\Work\rsvp-reader\.venv-build\Lib\site-packages\PyInstaller\building\
api.py", line 769, in assemble
    os.remove(self.name)
PermissionError: [WinError 5] Access is denied: 
'C:\\Work\\rsvp-reader\\dist\\RSVPReader.exe'
